I'm sorry, but errors were detected in your script. Please correct the
errors listed below, and try again.


File "game/image_handlers/characters/kyoko.rpy", line 4: Line is indented, but the preceding image statement statement does not expect a block. Please check this line's indentation.
    zoom 2.0
    ^

Ren'Py Version: Ren'Py 7.1.3.1092
Sat Aug 24 16:00:41 2019
